{
    "input": {
        "content": [
            "ASV_seqs.fasta:md5,39b0d4ad96b37fa68d4ee5c21b667fed"
        ],
        "timestamp": "2023-05-09T14:21:44+0000"
    },
    "software_versions": {
        "content": [
            "software_versions.yml:md5,1c452149ae9c0b42659fb520861e1d1a"
        ],
        "timestamp": "2023-05-09T14:21:44+0000"
    },
    "dada2": {
        "content": [
            "ref_taxonomy.rdp_18.txt:md5,815c4fce9f3d1de019fb995a43fb66ed"
        ],
        "timestamp": "2023-05-09T14:21:44+0000"
    },
    "barrnap": {
        "content": [
            "rrna.arc.gff:md5,6dae470aace9293d5eb8c318584852dd",
            "rrna.bac.gff:md5,439a9084f089120f700f938dfb58fa41",
            "rrna.euk.gff:md5,c9bc1d9d8fb77dc19c95dee2d53840eb",
            "rrna.mito.gff:md5,df19e1b84ba6f691d20c72b397c88abf"
        ],
        "timestamp": "2023-05-09T14:21:44+0000"
    }
}